---
source: src/tests/emit_and_opt.rs
expression: ret
snapshot_kind: text
---
Ok(
    ">++++++++++[>++++++<-]>+++++.>++++++++++[>++++++<-]>++++++.>++++++++++[>++++++<-]>+++++++.+.+.>++++++++++[>++++++<-]>+++++.>++++++++++[>++++++<-]>++++++.>++++++++++++++++++++++++++++++++++++++++++++++++++++++++++++++++++.>>>>+++++++++++++++++++++++++++++++++++++++++++++++++++++++++++++++++++>++++++++++++++++++++++++++++++++++++++++++++++++++++++++++++++++++++<<.>.>.",
)
