---
source: src/tests/emitter.rs
expression: ret
snapshot_kind: text
---
Ok(
    ">++++++++++[>++++++<-]>+++++.>++++++++++[>++++++<-]>++++++.>++++++++++[>++++++<-]>+++++++.+.+.>++++++++++[>++++++<-]>+++++.>++++++++++[>++++++<-]>++++++.>++++++++++++++++++++++++++++++++++++++++++++++++++++++++++++++++++.>>>>+++++++++++++++++++++++++++++++++++++++++++++++++++++++++++++++++++>++++++++++++++++++++++++++++++++++++++++++++++++++++++++++++++++++++<<.>.>.",
)
